Building DAG of jobs...
Retrieving input from storage.
Using shell: /usr/bin/bash
Provided cores: 1 (use --cores to define parallelism)
Rules claiming more threads will be scaled down.
Job stats:
job         count
--------  -------
all             1
download        1
upload          2
total           4

Select jobs to execute...
Execute 1 jobs...

[Thu Feb  5 12:59:40 2026]
localrule download:
    output: data/V5GL0502/monthly/.downloaded
    log: logs/download_V5GL0502_monthly.log
    jobid: 8
    reason: Missing output files: data/V5GL0502/monthly/.downloaded
    wildcards: dataset=V5GL0502, temporal=monthly
    resources: tmpdir=/tmp

[Thu Feb  5 13:01:14 2026]
Finished job 8.
1 of 4 steps (25%) done
Select jobs to execute...
Execute 1 jobs...

[Thu Feb  5 13:01:14 2026]
localrule upload:
    input: data/V5GL0502/monthly/.downloaded
    output: data/V5GL0502/monthly/.uploaded
    log: logs/upload_V5GL0502_monthly.log
    jobid: 7
    reason: Missing output files: data/V5GL0502/monthly/.uploaded; Input files updated by another job: data/V5GL0502/monthly/.downloaded
    wildcards: dataset=V5GL0502, temporal=monthly
    resources: tmpdir=/tmp

[Thu Feb  5 13:35:19 2026]
Finished job 7.
2 of 4 steps (50%) done
Select jobs to execute...
Execute 1 jobs...

[Thu Feb  5 13:35:19 2026]
localrule upload:
    input: data/V6GL02/yearly/.downloaded
    output: data/V6GL02/yearly/.uploaded
    log: logs/upload_V6GL02_yearly.log
    jobid: 9
    reason: Missing output files: data/V6GL02/yearly/.uploaded
    wildcards: dataset=V6GL02, temporal=yearly
    resources: tmpdir=/tmp

[Thu Feb  5 13:38:57 2026]
Finished job 9.
3 of 4 steps (75%) done
Select jobs to execute...
Execute 1 jobs...

[Thu Feb  5 13:38:57 2026]
localrule all:
    input: data/V5GL04/yearly/.uploaded, data/V5GL04/monthly/.uploaded, data/V5GL0502/yearly/.uploaded, data/V5GL0502/monthly/.uploaded, data/V6GL02/yearly/.uploaded, data/V6GL02/monthly/.uploaded
    jobid: 0
    reason: Input files updated by another job: data/V5GL0502/monthly/.uploaded, data/V6GL02/yearly/.uploaded
    resources: tmpdir=/tmp

[Thu Feb  5 13:38:57 2026]
Finished job 0.
4 of 4 steps (100%) done
Complete log: .snakemake/log/2026-02-05T125940.145481.snakemake.log
